error: To derive CkId, at least one id field must exist.

         = help: A field is an id field if it is (a) named "id" or (b) annotated with `#[ck_id(id)]`, both marking the field as part of the entities id. Specify id fields or remove the derive, if no id fields can be defined for this entity.

 --> tests/04-uncommon-name-no-annotation.rs:5:10
  |
5 | #[derive(CkId)]
  |          ^^^^
  |
  = note: this error originates in the derive macro `CkId` (in Nightly builds, run with -Z macro-backtrace for more info)
